******************************************************************************
                  TI ARM Linker Unix v5.2.5                    
******************************************************************************
>> Linked Wed Feb  3 16:04:11 2016

OUTPUT FILE NAME:   <Lab2.out>
ENTRY POINT SYMBOL: "_c_int00"  address: 000009ed


MEMORY CONFIGURATION

         name            origin    length      used     unused   attr    fill
----------------------  --------  ---------  --------  --------  ----  --------
  FLASH                 00000000   00040000  00000d04  0003f2fc  R  X
  SRAM                  20000000   00008000  00000224  00007ddc  RW X


SEGMENT ALLOCATION MAP

run origin  load origin   length   init length attrs members
----------  ----------- ---------- ----------- ----- -------
00000000    00000000    00000d08   00000d08    r-x
  00000000    00000000    0000026c   0000026c    r-- .intvecs
  0000026c    0000026c    00000994   00000994    r-x .text
  00000c00    00000c00    000000dc   000000dc    r-- .const
  00000ce0    00000ce0    00000028   00000028    r-- .cinit
20000000    20000000    00000224   00000000    rw-
  20000000    20000000    00000200   00000000    rw- .stack
  20000200    20000200    00000024   00000000    rw- .data


SECTION ALLOCATION MAP

 output                                  attributes/
section   page    origin      length       input sections
--------  ----  ----------  ----------   ----------------
.intvecs   0    00000000    0000026c     
                  00000000    0000026c     tm4c123gh6pm_startup_ccs.obj (.intvecs)

.text      0    0000026c    00000994     
                  0000026c    00000190     main.obj (.text)
                  000003fc    00000132     driverlib.lib : gpio.obj (.text:GPIOPadConfigSet)
                  0000052e    00000002     --HOLE-- [fill = 0]
                  00000530    00000110                   : sysctl.obj (.text:SysCtlClockGet)
                  00000640    000000f4                   : sysctl.obj (.text:SysCtlClockSet)
                  00000734    0000009c     rtsv7M4_T_le_v4SPD16_eabi.lib : memcpy_t2.obj (.text)
                  000007d0    0000007a                                   : memset_t2.obj (.text)
                  0000084a    00000002     --HOLE-- [fill = 0]
                  0000084c    0000006c                                   : autoinit.obj (.text)
                  000008b8    0000006a                                   : copy_decompress_rle.obj (.text)
                  00000922    00000002     --HOLE-- [fill = 0]
                  00000924    00000068     driverlib.lib : interrupt.obj (.text:IntEnable)
                  0000098c    00000060                   : timer.obj (.text:TimerConfigure)
                  000009ec    00000050     rtsv7M4_T_le_v4SPD16_eabi.lib : boot.obj (.text)
                  00000a3c    0000004c                                   : cpy_tbl.obj (.text)
                  00000a88    00000044                                   : exit.obj (.text)
                  00000acc    00000034     driverlib.lib : sysctl.obj (.text:SysCtlPeripheralEnable)
                  00000b00    0000002a                   : gpio.obj (.text:GPIODirModeSet)
                  00000b2a    00000018                   : gpio.obj (.text:GPIOPinTypeGPIOOutput)
                  00000b42    00000002     --HOLE-- [fill = 0]
                  00000b44    00000018     rtsv7M4_T_le_v4SPD16_eabi.lib : args_main.obj (.text)
                  00000b5c    00000014                                   : _lock.obj (.text)
                  00000b70    00000012     driverlib.lib : gpio.obj (.text:GPIOPinTypeGPIOInput)
                  00000b82    00000012                   : timer.obj (.text:TimerLoadSet)
                  00000b94    00000010                   : interrupt.obj (.text:IntMasterEnable)
                  00000ba4    0000000e                   : timer.obj (.text:TimerEnable)
                  00000bb2    0000000e     rtsv7M4_T_le_v4SPD16_eabi.lib : copy_decompress_none.obj (.text:decompress:none)
                  00000bc0    0000000c     driverlib.lib : cpu.obj (.text:CPUcpsie)
                  00000bcc    0000000c     tm4c123gh6pm_startup_ccs.obj (.text)
                  00000bd8    00000008     driverlib.lib : timer.obj (.text:TimerIntEnable)
                  00000be0    00000006                   : gpio.obj (.text:GPIOPinRead)
                  00000be6    00000006                   : gpio.obj (.text:GPIOPinWrite)
                  00000bec    00000006                   : sysctl.obj (.text:SysCtlDelay)
                  00000bf2    00000006     rtsv7M4_T_le_v4SPD16_eabi.lib : copy_decompress_rle.obj (.text:decompress:rle24)
                  00000bf8    00000004     driverlib.lib : timer.obj (.text:TimerIntClear)
                  00000bfc    00000004     rtsv7M4_T_le_v4SPD16_eabi.lib : pre_init.obj (.text)

.const     0    00000c00    000000dc     
                  00000c00    00000070     driverlib.lib : interrupt.obj (.const)
                  00000c70    0000006c                   : sysctl.obj (.const:g_pui32Xtals)

.cinit     0    00000ce0    00000028     
                  00000ce0    00000016     (.cinit..data.load) [load image, compression = rle]
                  00000cf6    00000002     --HOLE-- [fill = 0]
                  00000cf8    00000008     (__TI_handler_table)
                  00000d00    00000008     (__TI_cinit_table)

.init_array 
*          0    00000000    00000000     UNINITIALIZED

.data      0    20000200    00000024     UNINITIALIZED
                  20000200    0000000d     main.obj (.data)
                  2000020d    00000003     --HOLE--
                  20000210    00000008     rtsv7M4_T_le_v4SPD16_eabi.lib : _lock.obj (.data)
                  20000218    00000008                                   : exit.obj (.data)
                  20000220    00000004                                   : stkdepth_vars.obj (.data)

.stack     0    20000000    00000200     UNINITIALIZED
                  20000000    00000200     --HOLE--

.TI.persistent 
*          0    20000200    00000000     UNINITIALIZED


LINKER GENERATED COPY TABLES

__TI_cinit_table @ 00000d00 records: 1, size/record: 8, table size: 8
	.data: load addr=00000ce0, load size=00000016 bytes, run addr=20000200, run size=00000024 bytes, compression=rle


LINKER GENERATED HANDLER TABLE

__TI_handler_table @ 00000cf8 records: 2, size/record: 4, table size: 8
	index: 0, handler: __TI_decompress_rle24
	index: 1, handler: __TI_decompress_none


GLOBAL SYMBOLS: SORTED ALPHABETICALLY BY Name 

address   name                    
-------   ----                    
00000a89  C$$EXIT                 
00000bc1  CPUcpsie                
00000b01  GPIODirModeSet          
000003fd  GPIOPadConfigSet        
00000be1  GPIOPinRead             
00000b71  GPIOPinTypeGPIOInput    
00000b2b  GPIOPinTypeGPIOOutput   
00000be7  GPIOPinWrite            
00000925  IntEnable               
00000b95  IntMasterEnable         
00000bcd  ResetISR                
UNDEFED   SHT$$INIT_ARRAY$$Base   
UNDEFED   SHT$$INIT_ARRAY$$Limit  
00000531  SysCtlClockGet          
00000641  SysCtlClockSet          
00000bed  SysCtlDelay             
00000acd  SysCtlPeripheralEnable  
00000395  Timer0IntHandler        
0000098d  TimerConfigure          
00000ba5  TimerEnable             
00000bf9  TimerIntClear           
00000bd9  TimerIntEnable          
00000b83  TimerLoadSet            
20000200  __STACK_END             
00000200  __STACK_SIZE            
20000200  __STACK_TOP             
00000d00  __TI_CINIT_Base         
00000d08  __TI_CINIT_Limit        
00000cf8  __TI_Handler_Table_Base 
00000d00  __TI_Handler_Table_Limit
0000084d  __TI_auto_init          
20000218  __TI_cleanup_ptr        
00000bb3  __TI_decompress_none    
00000bf3  __TI_decompress_rle24   
2000021c  __TI_dtors_ptr          
00000000  __TI_static_base__      
000007d1  __aeabi_memclr          
000007d1  __aeabi_memclr4         
000007d1  __aeabi_memclr8         
00000735  __aeabi_memcpy          
00000735  __aeabi_memcpy4         
00000735  __aeabi_memcpy8         
000007d3  __aeabi_memset          
000007d3  __aeabi_memset4         
000007d3  __aeabi_memset8         
ffffffff  __binit__               
ffffffff  __c_args__              
20000000  __stack                 
00000b45  _args_main              
000009ed  _c_int00                
20000210  _lock                   
00000b6b  _nop                    
00000b63  _register_lock          
00000b5d  _register_unlock        
00000bfd  _system_pre_init        
20000214  _unlock                 
00000a8d  abort                   
ffffffff  binit                   
00000a3d  copy_in                 
00000321  detectKeyPress          
0000035f  detectSwitch2Press      
00000a95  exit                    
00000000  g_pfnVectors            
0000029b  main                    
20000220  main_func_sp            
00000735  memcpy                  
000007d9  memset                  
000002f9  nextLEDConfig           
20000204  state                   
20000208  state2                  
20000200  sw2Status               
0000026d  switchPinConfig         
2000020c  ui8LED                  


GLOBAL SYMBOLS: SORTED BY Symbol Address 

address   name                    
-------   ----                    
00000000  __TI_static_base__      
00000000  g_pfnVectors            
00000200  __STACK_SIZE            
0000026d  switchPinConfig         
0000029b  main                    
000002f9  nextLEDConfig           
00000321  detectKeyPress          
0000035f  detectSwitch2Press      
00000395  Timer0IntHandler        
000003fd  GPIOPadConfigSet        
00000531  SysCtlClockGet          
00000641  SysCtlClockSet          
00000735  __aeabi_memcpy          
00000735  __aeabi_memcpy4         
00000735  __aeabi_memcpy8         
00000735  memcpy                  
000007d1  __aeabi_memclr          
000007d1  __aeabi_memclr4         
000007d1  __aeabi_memclr8         
000007d3  __aeabi_memset          
000007d3  __aeabi_memset4         
000007d3  __aeabi_memset8         
000007d9  memset                  
0000084d  __TI_auto_init          
00000925  IntEnable               
0000098d  TimerConfigure          
000009ed  _c_int00                
00000a3d  copy_in                 
00000a89  C$$EXIT                 
00000a8d  abort                   
00000a95  exit                    
00000acd  SysCtlPeripheralEnable  
00000b01  GPIODirModeSet          
00000b2b  GPIOPinTypeGPIOOutput   
00000b45  _args_main              
00000b5d  _register_unlock        
00000b63  _register_lock          
00000b6b  _nop                    
00000b71  GPIOPinTypeGPIOInput    
00000b83  TimerLoadSet            
00000b95  IntMasterEnable         
00000ba5  TimerEnable             
00000bb3  __TI_decompress_none    
00000bc1  CPUcpsie                
00000bcd  ResetISR                
00000bd9  TimerIntEnable          
00000be1  GPIOPinRead             
00000be7  GPIOPinWrite            
00000bed  SysCtlDelay             
00000bf3  __TI_decompress_rle24   
00000bf9  TimerIntClear           
00000bfd  _system_pre_init        
00000cf8  __TI_Handler_Table_Base 
00000d00  __TI_CINIT_Base         
00000d00  __TI_Handler_Table_Limit
00000d08  __TI_CINIT_Limit        
20000000  __stack                 
20000200  __STACK_END             
20000200  __STACK_TOP             
20000200  sw2Status               
20000204  state                   
20000208  state2                  
2000020c  ui8LED                  
20000210  _lock                   
20000214  _unlock                 
20000218  __TI_cleanup_ptr        
2000021c  __TI_dtors_ptr          
20000220  main_func_sp            
ffffffff  __binit__               
ffffffff  __c_args__              
ffffffff  binit                   
UNDEFED   SHT$$INIT_ARRAY$$Base   
UNDEFED   SHT$$INIT_ARRAY$$Limit  

[73 symbols]
