******************************************************************************
                  TI ARM Linker Unix v5.2.5                    
******************************************************************************
>> Linked Wed Feb  3 12:08:30 2016

OUTPUT FILE NAME:   <Lab4.out>
ENTRY POINT SYMBOL: "_c_int00"  address: 000009b9


MEMORY CONFIGURATION

         name            origin    length      used     unused   attr    fill
----------------------  --------  ---------  --------  --------  ----  --------
  FLASH                 00000000   00040000  00000cd0  0003f330  R  X
  SRAM                  20000000   00008000  00000224  00007ddc  RW X


SEGMENT ALLOCATION MAP

run origin  load origin   length   init length attrs members
----------  ----------- ---------- ----------- ----- -------
00000000    00000000    00000cd0   00000cd0    r-x
  00000000    00000000    0000026c   0000026c    r-- .intvecs
  0000026c    0000026c    00000960   00000960    r-x .text
  00000bcc    00000bcc    000000dc   000000dc    r-- .const
  00000ca8    00000ca8    00000028   00000028    r-- .cinit
20000000    20000000    00000224   00000000    rw-
  20000000    20000000    00000200   00000000    rw- .stack
  20000200    20000200    00000024   00000000    rw- .data


SECTION ALLOCATION MAP

 output                                  attributes/
section   page    origin      length       input sections
--------  ----  ----------  ----------   ----------------
.intvecs   0    00000000    0000026c     
                  00000000    0000026c     tm4c123gh6pm_startup_ccs.obj (.intvecs)

.text      0    0000026c    00000960     
                  0000026c    0000015c     main.obj (.text)
                  000003c8    00000132     driverlib.lib : gpio.obj (.text:GPIOPadConfigSet)
                  000004fa    00000002     --HOLE-- [fill = 0]
                  000004fc    00000110                   : sysctl.obj (.text:SysCtlClockGet)
                  0000060c    000000f4                   : sysctl.obj (.text:SysCtlClockSet)
                  00000700    0000009c     rtsv7M4_T_le_v4SPD16_eabi.lib : memcpy_t2.obj (.text)
                  0000079c    0000007a                                   : memset_t2.obj (.text)
                  00000816    00000002     --HOLE-- [fill = 0]
                  00000818    0000006c                                   : autoinit.obj (.text)
                  00000884    0000006a                                   : copy_decompress_rle.obj (.text)
                  000008ee    00000002     --HOLE-- [fill = 0]
                  000008f0    00000068     driverlib.lib : interrupt.obj (.text:IntEnable)
                  00000958    00000060                   : timer.obj (.text:TimerConfigure)
                  000009b8    00000050     rtsv7M4_T_le_v4SPD16_eabi.lib : boot.obj (.text)
                  00000a08    0000004c                                   : cpy_tbl.obj (.text)
                  00000a54    00000044                                   : exit.obj (.text)
                  00000a98    00000034     driverlib.lib : sysctl.obj (.text:SysCtlPeripheralEnable)
                  00000acc    0000002a                   : gpio.obj (.text:GPIODirModeSet)
                  00000af6    00000018                   : gpio.obj (.text:GPIOPinTypeGPIOOutput)
                  00000b0e    00000002     --HOLE-- [fill = 0]
                  00000b10    00000018     rtsv7M4_T_le_v4SPD16_eabi.lib : args_main.obj (.text)
                  00000b28    00000014                                   : _lock.obj (.text)
                  00000b3c    00000012     driverlib.lib : gpio.obj (.text:GPIOPinTypeGPIOInput)
                  00000b4e    00000012                   : timer.obj (.text:TimerLoadSet)
                  00000b60    00000010                   : interrupt.obj (.text:IntMasterEnable)
                  00000b70    0000000e                   : timer.obj (.text:TimerEnable)
                  00000b7e    0000000e     rtsv7M4_T_le_v4SPD16_eabi.lib : copy_decompress_none.obj (.text:decompress:none)
                  00000b8c    0000000c     driverlib.lib : cpu.obj (.text:CPUcpsie)
                  00000b98    0000000c     tm4c123gh6pm_startup_ccs.obj (.text)
                  00000ba4    00000008     driverlib.lib : timer.obj (.text:TimerIntEnable)
                  00000bac    00000006                   : gpio.obj (.text:GPIOPinRead)
                  00000bb2    00000006                   : gpio.obj (.text:GPIOPinWrite)
                  00000bb8    00000006                   : sysctl.obj (.text:SysCtlDelay)
                  00000bbe    00000006     rtsv7M4_T_le_v4SPD16_eabi.lib : copy_decompress_rle.obj (.text:decompress:rle24)
                  00000bc4    00000004     driverlib.lib : timer.obj (.text:TimerIntClear)
                  00000bc8    00000004     rtsv7M4_T_le_v4SPD16_eabi.lib : pre_init.obj (.text)

.const     0    00000bcc    000000dc     
                  00000bcc    00000070     driverlib.lib : interrupt.obj (.const)
                  00000c3c    0000006c                   : sysctl.obj (.const:g_pui32Xtals)

.cinit     0    00000ca8    00000028     
                  00000ca8    00000016     (.cinit..data.load) [load image, compression = rle]
                  00000cbe    00000002     --HOLE-- [fill = 0]
                  00000cc0    00000008     (__TI_handler_table)
                  00000cc8    00000008     (__TI_cinit_table)

.init_array 
*          0    00000000    00000000     UNINITIALIZED

.data      0    20000200    00000024     UNINITIALIZED
                  20000200    0000000d     main.obj (.data)
                  2000020d    00000003     --HOLE--
                  20000210    00000008     rtsv7M4_T_le_v4SPD16_eabi.lib : _lock.obj (.data)
                  20000218    00000008                                   : exit.obj (.data)
                  20000220    00000004                                   : stkdepth_vars.obj (.data)

.stack     0    20000000    00000200     UNINITIALIZED
                  20000000    00000200     --HOLE--

.TI.persistent 
*          0    20000200    00000000     UNINITIALIZED


LINKER GENERATED COPY TABLES

__TI_cinit_table @ 00000cc8 records: 1, size/record: 8, table size: 8
	.data: load addr=00000ca8, load size=00000016 bytes, run addr=20000200, run size=00000024 bytes, compression=rle


LINKER GENERATED HANDLER TABLE

__TI_handler_table @ 00000cc0 records: 2, size/record: 4, table size: 8
	index: 0, handler: __TI_decompress_rle24
	index: 1, handler: __TI_decompress_none


GLOBAL SYMBOLS: SORTED ALPHABETICALLY BY Name 

address   name                    
-------   ----                    
00000a55  C$$EXIT                 
00000b8d  CPUcpsie                
00000acd  GPIODirModeSet          
000003c9  GPIOPadConfigSet        
00000bad  GPIOPinRead             
00000b3d  GPIOPinTypeGPIOInput    
00000af7  GPIOPinTypeGPIOOutput   
00000bb3  GPIOPinWrite            
000008f1  IntEnable               
00000b61  IntMasterEnable         
00000b99  ResetISR                
UNDEFED   SHT$$INIT_ARRAY$$Base   
UNDEFED   SHT$$INIT_ARRAY$$Limit  
000004fd  SysCtlClockGet          
0000060d  SysCtlClockSet          
00000bb9  SysCtlDelay             
00000a99  SysCtlPeripheralEnable  
0000035f  Timer0IntHandler        
00000959  TimerConfigure          
00000b71  TimerEnable             
00000bc5  TimerIntClear           
00000ba5  TimerIntEnable          
00000b4f  TimerLoadSet            
20000200  __STACK_END             
00000200  __STACK_SIZE            
20000200  __STACK_TOP             
00000cc8  __TI_CINIT_Base         
00000cd0  __TI_CINIT_Limit        
00000cc0  __TI_Handler_Table_Base 
00000cc8  __TI_Handler_Table_Limit
00000819  __TI_auto_init          
20000218  __TI_cleanup_ptr        
00000b7f  __TI_decompress_none    
00000bbf  __TI_decompress_rle24   
2000021c  __TI_dtors_ptr          
00000000  __TI_static_base__      
0000079d  __aeabi_memclr          
0000079d  __aeabi_memclr4         
0000079d  __aeabi_memclr8         
00000701  __aeabi_memcpy          
00000701  __aeabi_memcpy4         
00000701  __aeabi_memcpy8         
0000079f  __aeabi_memset          
0000079f  __aeabi_memset4         
0000079f  __aeabi_memset8         
ffffffff  __binit__               
ffffffff  __c_args__              
20000000  __stack                 
00000b11  _args_main              
000009b9  _c_int00                
20000210  _lock                   
00000b37  _nop                    
00000b2f  _register_lock          
00000b29  _register_unlock        
00000bc9  _system_pre_init        
20000214  _unlock                 
00000a59  abort                   
ffffffff  binit                   
00000a09  copy_in                 
000002f9  detectKeyPress          
0000032f  detectSwitch2Press      
00000a61  exit                    
00000000  g_pfnVectors            
0000029b  main                    
20000220  main_func_sp            
00000701  memcpy                  
000007a5  memset                  
00000337  nextLEDConfig           
20000204  state                   
20000208  state2                  
20000200  sw2Status               
0000026d  switchPinConfig         
2000020c  ui8LED                  


GLOBAL SYMBOLS: SORTED BY Symbol Address 

address   name                    
-------   ----                    
00000000  __TI_static_base__      
00000000  g_pfnVectors            
00000200  __STACK_SIZE            
0000026d  switchPinConfig         
0000029b  main                    
000002f9  detectKeyPress          
0000032f  detectSwitch2Press      
00000337  nextLEDConfig           
0000035f  Timer0IntHandler        
000003c9  GPIOPadConfigSet        
000004fd  SysCtlClockGet          
0000060d  SysCtlClockSet          
00000701  __aeabi_memcpy          
00000701  __aeabi_memcpy4         
00000701  __aeabi_memcpy8         
00000701  memcpy                  
0000079d  __aeabi_memclr          
0000079d  __aeabi_memclr4         
0000079d  __aeabi_memclr8         
0000079f  __aeabi_memset          
0000079f  __aeabi_memset4         
0000079f  __aeabi_memset8         
000007a5  memset                  
00000819  __TI_auto_init          
000008f1  IntEnable               
00000959  TimerConfigure          
000009b9  _c_int00                
00000a09  copy_in                 
00000a55  C$$EXIT                 
00000a59  abort                   
00000a61  exit                    
00000a99  SysCtlPeripheralEnable  
00000acd  GPIODirModeSet          
00000af7  GPIOPinTypeGPIOOutput   
00000b11  _args_main              
00000b29  _register_unlock        
00000b2f  _register_lock          
00000b37  _nop                    
00000b3d  GPIOPinTypeGPIOInput    
00000b4f  TimerLoadSet            
00000b61  IntMasterEnable         
00000b71  TimerEnable             
00000b7f  __TI_decompress_none    
00000b8d  CPUcpsie                
00000b99  ResetISR                
00000ba5  TimerIntEnable          
00000bad  GPIOPinRead             
00000bb3  GPIOPinWrite            
00000bb9  SysCtlDelay             
00000bbf  __TI_decompress_rle24   
00000bc5  TimerIntClear           
00000bc9  _system_pre_init        
00000cc0  __TI_Handler_Table_Base 
00000cc8  __TI_CINIT_Base         
00000cc8  __TI_Handler_Table_Limit
00000cd0  __TI_CINIT_Limit        
20000000  __stack                 
20000200  __STACK_END             
20000200  __STACK_TOP             
20000200  sw2Status               
20000204  state                   
20000208  state2                  
2000020c  ui8LED                  
20000210  _lock                   
20000214  _unlock                 
20000218  __TI_cleanup_ptr        
2000021c  __TI_dtors_ptr          
20000220  main_func_sp            
ffffffff  __binit__               
ffffffff  __c_args__              
ffffffff  binit                   
UNDEFED   SHT$$INIT_ARRAY$$Base   
UNDEFED   SHT$$INIT_ARRAY$$Limit  

[73 symbols]
