******************************************************************************
                  TI ARM Linker Unix v5.2.6                    
******************************************************************************
>> Linked Wed Feb 10 13:53:05 2016

OUTPUT FILE NAME:   <Lab-3.out>
ENTRY POINT SYMBOL: "_c_int00"  address: 00000ca5


MEMORY CONFIGURATION

         name            origin    length      used     unused   attr    fill
----------------------  --------  ---------  --------  --------  ----  --------
  FLASH                 00000000   00040000  00001064  0003ef9c  R  X
  SRAM                  20000000   00008000  00000248  00007db8  RW X


SEGMENT ALLOCATION MAP

run origin  load origin   length   init length attrs members
----------  ----------- ---------- ----------- ----- -------
00000000    00000000    00001068   00001068    r-x
  00000000    00000000    0000026c   0000026c    r-- .intvecs
  0000026c    0000026c    00000cbc   00000cbc    r-x .text
  00000f28    00000f28    000000fc   000000fc    r-- .const
  00001028    00001028    00000040   00000040    r-- .cinit
20000000    20000000    00000248   00000000    rw-
  20000000    20000000    00000200   00000000    rw- .stack
  20000200    20000200    00000034   00000000    rw- .data
  20000234    20000234    00000014   00000000    rw- .bss


SECTION ALLOCATION MAP

 output                                  attributes/
section   page    origin      length       input sections
--------  ----  ----------  ----------   ----------------
.intvecs   0    00000000    0000026c     
                  00000000    0000026c     tm4c123gh6pm_startup_ccs.obj (.intvecs)

.text      0    0000026c    00000cbc     
                  0000026c    00000510     lab-3.obj (.text)
                  0000077c    00000132     driverlib.lib : gpio.obj (.text:GPIOPadConfigSet)
                  000008ae    00000002     --HOLE-- [fill = 0]
                  000008b0    00000110                   : sysctl.obj (.text:SysCtlClockGet)
                  000009c0    000000f4                   : sysctl.obj (.text:SysCtlClockSet)
                  00000ab4    0000009c     rtsv7M4_T_le_v4SPD16_eabi.lib : memcpy_t2.obj (.text)
                  00000b50    0000007a                                   : memset_t2.obj (.text)
                  00000bca    00000002     --HOLE-- [fill = 0]
                  00000bcc    0000006c                                   : autoinit.obj (.text)
                  00000c38    0000006a                                   : copy_decompress_rle.obj (.text)
                  00000ca2    00000002     --HOLE-- [fill = 0]
                  00000ca4    00000050                                   : boot.obj (.text)
                  00000cf4    0000004c                                   : cpy_tbl.obj (.text)
                  00000d40    00000048     driverlib.lib : gpio.obj (.text:GPIOPinConfigure)
                  00000d88    00000044     rtsv7M4_T_le_v4SPD16_eabi.lib : exit.obj (.text)
                  00000dcc    00000034     driverlib.lib : sysctl.obj (.text:SysCtlPeripheralEnable)
                  00000e00    0000002a                   : gpio.obj (.text:GPIODirModeSet)
                  00000e2a    00000022                   : pwm.obj (.text:PWMGenConfigure)
                  00000e4c    0000001e                   : pwm.obj (.text:PWMPulseWidthSet)
                  00000e6a    00000002     --HOLE-- [fill = 0]
                  00000e6c    00000018     rtsv7M4_T_le_v4SPD16_eabi.lib : args_main.obj (.text)
                  00000e84    00000014     driverlib.lib : sysctl.obj (.text:SysCtlPWMClockSet)
                  00000e98    00000014     rtsv7M4_T_le_v4SPD16_eabi.lib : _lock.obj (.text)
                  00000eac    00000012     driverlib.lib : gpio.obj (.text:GPIOPinTypePWM)
                  00000ebe    00000012                   : pwm.obj (.text:PWMOutputState)
                  00000ed0    00000010                   : pwm.obj (.text:PWMGenPeriodSet)
                  00000ee0    0000000e     rtsv7M4_T_le_v4SPD16_eabi.lib : copy_decompress_none.obj (.text:decompress:none)
                  00000eee    0000000c     driverlib.lib : pwm.obj (.text:PWMGenEnable)
                  00000efa    0000000c     rtsv7M4_T_le_v4SPD16_eabi.lib : copy_zero_init.obj (.text:decompress:ZI)
                  00000f06    0000000c     tm4c123gh6pm_startup_ccs.obj (.text)
                  00000f12    00000006     driverlib.lib : gpio.obj (.text:GPIOPinRead)
                  00000f18    00000006                   : sysctl.obj (.text:SysCtlDelay)
                  00000f1e    00000006     rtsv7M4_T_le_v4SPD16_eabi.lib : copy_decompress_rle.obj (.text:decompress:rle24)
                  00000f24    00000004                                   : pre_init.obj (.text)

.const     0    00000f28    000000fc     
                  00000f28    00000090     driverlib.lib : gpio.obj (.const:g_pui32GPIOBaseAddrs)
                  00000fb8    0000006c                   : sysctl.obj (.const:g_pui32Xtals)

.cinit     0    00001028    00000040     
                  00001028    0000001a     (.cinit..data.load) [load image, compression = rle]
                  00001042    00000002     --HOLE-- [fill = 0]
                  00001044    0000000c     (__TI_handler_table)
                  00001050    00000008     (.cinit..bss.load) [load image, compression = zero_init]
                  00001058    00000010     (__TI_cinit_table)

.init_array 
*          0    00000000    00000000     UNINITIALIZED

.data      0    20000200    00000034     UNINITIALIZED
                  20000200    0000001e     lab-3.obj (.data)
                  2000021e    00000002     --HOLE--
                  20000220    00000008     rtsv7M4_T_le_v4SPD16_eabi.lib : _lock.obj (.data)
                  20000228    00000008                                   : exit.obj (.data)
                  20000230    00000004                                   : stkdepth_vars.obj (.data)

.bss       0    20000234    00000014     UNINITIALIZED
                  20000234    00000004     (.common:ui32Load)
                  20000238    00000004     (.common:ui32PWMClock)
                  2000023c    00000004     (.common:ui8Adjust1)
                  20000240    00000004     (.common:ui8Adjust2)
                  20000244    00000004     (.common:ui8Adjust3)

.stack     0    20000000    00000200     UNINITIALIZED
                  20000000    00000200     --HOLE--

.TI.persistent 
*          0    20000200    00000000     UNINITIALIZED

.TI.noinit 
*          0    20000234    00000000     UNINITIALIZED


LINKER GENERATED COPY TABLES

__TI_cinit_table @ 00001058 records: 2, size/record: 8, table size: 16
	.data: load addr=00001028, load size=0000001a bytes, run addr=20000200, run size=00000034 bytes, compression=rle
	.bss: load addr=00001050, load size=00000008 bytes, run addr=20000234, run size=00000014 bytes, compression=zero_init


LINKER GENERATED HANDLER TABLE

__TI_handler_table @ 00001044 records: 3, size/record: 4, table size: 12
	index: 0, handler: __TI_decompress_rle24
	index: 1, handler: __TI_decompress_none
	index: 2, handler: __TI_zero_init


GLOBAL SYMBOLS: SORTED ALPHABETICALLY BY Name 

address   name                    
-------   ----                    
00000d89  C$$EXIT                 
00000e01  GPIODirModeSet          
0000077d  GPIOPadConfigSet        
00000d41  GPIOPinConfigure        
00000f13  GPIOPinRead             
00000ead  GPIOPinTypePWM          
00000e2b  PWMGenConfigure         
00000eef  PWMGenEnable            
00000ed1  PWMGenPeriodSet         
00000ebf  PWMOutputState          
00000e4d  PWMPulseWidthSet        
00000f07  ResetISR                
UNDEFED   SHT$$INIT_ARRAY$$Base   
UNDEFED   SHT$$INIT_ARRAY$$Limit  
000008b1  SysCtlClockGet          
000009c1  SysCtlClockSet          
00000f19  SysCtlDelay             
00000e85  SysCtlPWMClockSet       
00000dcd  SysCtlPeripheralEnable  
20000200  __STACK_END             
00000200  __STACK_SIZE            
20000200  __STACK_TOP             
00001058  __TI_CINIT_Base         
00001068  __TI_CINIT_Limit        
00001044  __TI_Handler_Table_Base 
00001050  __TI_Handler_Table_Limit
00000bcd  __TI_auto_init          
20000228  __TI_cleanup_ptr        
00000ee1  __TI_decompress_none    
00000f1f  __TI_decompress_rle24   
2000022c  __TI_dtors_ptr          
00000000  __TI_static_base__      
00000efb  __TI_zero_init          
00000b51  __aeabi_memclr          
00000b51  __aeabi_memclr4         
00000b51  __aeabi_memclr8         
00000ab5  __aeabi_memcpy          
00000ab5  __aeabi_memcpy4         
00000ab5  __aeabi_memcpy8         
00000b53  __aeabi_memset          
00000b53  __aeabi_memset4         
00000b53  __aeabi_memset8         
ffffffff  __binit__               
ffffffff  __c_args__              
20000000  __stack                 
00000e6d  _args_main              
00000ca5  _c_int00                
20000220  _lock                   
00000ea7  _nop                    
00000e9f  _register_lock          
00000e99  _register_unlock        
00000f25  _system_pre_init        
20000224  _unlock                 
00000d8d  abort                   
ffffffff  binit                   
20000206  br                      
00000cf5  copy_in                 
000002e5  decB                    
000002b5  decG                    
00000285  decR                    
00000d95  exit                    
00000000  g_pfnVectors            
20000205  gb                      
000002cd  incB                    
0000029d  incG                    
0000026d  incR                    
000002fd  main                    
20000230  main_func_sp            
00000ab5  memcpy                  
00000b59  memset                  
20000208  mode                    
20000204  rg                      
20000200  speed                   
20000214  sw1_longpresscount      
2000020c  sw1_presscount          
2000021c  sw1_prevpressed         
20000218  sw2_longpresscount      
20000210  sw2_presscount          
2000021d  sw2_prevpressed         
20000234  ui32Load                
20000238  ui32PWMClock            
2000023c  ui8Adjust1              
20000240  ui8Adjust2              
20000244  ui8Adjust3              


GLOBAL SYMBOLS: SORTED BY Symbol Address 

address   name                    
-------   ----                    
00000000  __TI_static_base__      
00000000  g_pfnVectors            
00000200  __STACK_SIZE            
0000026d  incR                    
00000285  decR                    
0000029d  incG                    
000002b5  decG                    
000002cd  incB                    
000002e5  decB                    
000002fd  main                    
0000077d  GPIOPadConfigSet        
000008b1  SysCtlClockGet          
000009c1  SysCtlClockSet          
00000ab5  __aeabi_memcpy          
00000ab5  __aeabi_memcpy4         
00000ab5  __aeabi_memcpy8         
00000ab5  memcpy                  
00000b51  __aeabi_memclr          
00000b51  __aeabi_memclr4         
00000b51  __aeabi_memclr8         
00000b53  __aeabi_memset          
00000b53  __aeabi_memset4         
00000b53  __aeabi_memset8         
00000b59  memset                  
00000bcd  __TI_auto_init          
00000ca5  _c_int00                
00000cf5  copy_in                 
00000d41  GPIOPinConfigure        
00000d89  C$$EXIT                 
00000d8d  abort                   
00000d95  exit                    
00000dcd  SysCtlPeripheralEnable  
00000e01  GPIODirModeSet          
00000e2b  PWMGenConfigure         
00000e4d  PWMPulseWidthSet        
00000e6d  _args_main              
00000e85  SysCtlPWMClockSet       
00000e99  _register_unlock        
00000e9f  _register_lock          
00000ea7  _nop                    
00000ead  GPIOPinTypePWM          
00000ebf  PWMOutputState          
00000ed1  PWMGenPeriodSet         
00000ee1  __TI_decompress_none    
00000eef  PWMGenEnable            
00000efb  __TI_zero_init          
00000f07  ResetISR                
00000f13  GPIOPinRead             
00000f19  SysCtlDelay             
00000f1f  __TI_decompress_rle24   
00000f25  _system_pre_init        
00001044  __TI_Handler_Table_Base 
00001050  __TI_Handler_Table_Limit
00001058  __TI_CINIT_Base         
00001068  __TI_CINIT_Limit        
20000000  __stack                 
20000200  __STACK_END             
20000200  __STACK_TOP             
20000200  speed                   
20000204  rg                      
20000205  gb                      
20000206  br                      
20000208  mode                    
2000020c  sw1_presscount          
20000210  sw2_presscount          
20000214  sw1_longpresscount      
20000218  sw2_longpresscount      
2000021c  sw1_prevpressed         
2000021d  sw2_prevpressed         
20000220  _lock                   
20000224  _unlock                 
20000228  __TI_cleanup_ptr        
2000022c  __TI_dtors_ptr          
20000230  main_func_sp            
20000234  ui32Load                
20000238  ui32PWMClock            
2000023c  ui8Adjust1              
20000240  ui8Adjust2              
20000244  ui8Adjust3              
ffffffff  __binit__               
ffffffff  __c_args__              
ffffffff  binit                   
UNDEFED   SHT$$INIT_ARRAY$$Base   
UNDEFED   SHT$$INIT_ARRAY$$Limit  

[84 symbols]
