******************************************************************************
                  TI ARM Linker Unix v5.2.5                    
******************************************************************************
>> Linked Wed Feb 10 12:01:48 2016

OUTPUT FILE NAME:   <Lab-2.out>
ENTRY POINT SYMBOL: "_c_int00"  address: 00000a39


MEMORY CONFIGURATION

         name            origin    length      used     unused   attr    fill
----------------------  --------  ---------  --------  --------  ----  --------
  FLASH                 00000000   00040000  00000d58  0003f2a8  R  X
  SRAM                  20000000   00008000  00000224  00007ddc  RW X


SEGMENT ALLOCATION MAP

run origin  load origin   length   init length attrs members
----------  ----------- ---------- ----------- ----- -------
00000000    00000000    00000d58   00000d58    r-x
  00000000    00000000    0000026c   0000026c    r-- .intvecs
  0000026c    0000026c    000009e0   000009e0    r-x .text
  00000c4c    00000c4c    000000dc   000000dc    r-- .const
  00000d28    00000d28    00000030   00000030    r-- .cinit
20000000    20000000    00000224   00000000    rw-
  20000000    20000000    00000200   00000000    rw- .stack
  20000200    20000200    00000024   00000000    rw- .data


SECTION ALLOCATION MAP

 output                                  attributes/
section   page    origin      length       input sections
--------  ----  ----------  ----------   ----------------
.intvecs   0    00000000    0000026c     
                  00000000    0000026c     tm4c123gh6pm_startup_ccs.obj (.intvecs)

.text      0    0000026c    000009e0     
                  0000026c    000001dc     lab-2.obj (.text)
                  00000448    00000132     driverlib.lib : gpio.obj (.text:GPIOPadConfigSet)
                  0000057a    00000002     --HOLE-- [fill = 0]
                  0000057c    00000110                   : sysctl.obj (.text:SysCtlClockGet)
                  0000068c    000000f4                   : sysctl.obj (.text:SysCtlClockSet)
                  00000780    0000009c     rtsv7M4_T_le_v4SPD16_eabi.lib : memcpy_t2.obj (.text)
                  0000081c    0000007a                                   : memset_t2.obj (.text)
                  00000896    00000002     --HOLE-- [fill = 0]
                  00000898    0000006c                                   : autoinit.obj (.text)
                  00000904    0000006a                                   : copy_decompress_rle.obj (.text)
                  0000096e    00000002     --HOLE-- [fill = 0]
                  00000970    00000068     driverlib.lib : interrupt.obj (.text:IntEnable)
                  000009d8    00000060                   : timer.obj (.text:TimerConfigure)
                  00000a38    00000050     rtsv7M4_T_le_v4SPD16_eabi.lib : boot.obj (.text)
                  00000a88    0000004c                                   : cpy_tbl.obj (.text)
                  00000ad4    00000044                                   : exit.obj (.text)
                  00000b18    00000034     driverlib.lib : sysctl.obj (.text:SysCtlPeripheralEnable)
                  00000b4c    0000002a                   : gpio.obj (.text:GPIODirModeSet)
                  00000b76    00000018                   : gpio.obj (.text:GPIOPinTypeGPIOOutput)
                  00000b8e    00000002     --HOLE-- [fill = 0]
                  00000b90    00000018     rtsv7M4_T_le_v4SPD16_eabi.lib : args_main.obj (.text)
                  00000ba8    00000014                                   : _lock.obj (.text)
                  00000bbc    00000012     driverlib.lib : gpio.obj (.text:GPIOPinTypeGPIOInput)
                  00000bce    00000012                   : timer.obj (.text:TimerLoadSet)
                  00000be0    00000010                   : interrupt.obj (.text:IntMasterEnable)
                  00000bf0    0000000e                   : timer.obj (.text:TimerEnable)
                  00000bfe    0000000e     rtsv7M4_T_le_v4SPD16_eabi.lib : copy_decompress_none.obj (.text:decompress:none)
                  00000c0c    0000000c     driverlib.lib : cpu.obj (.text:CPUcpsie)
                  00000c18    0000000c     tm4c123gh6pm_startup_ccs.obj (.text)
                  00000c24    00000008     driverlib.lib : timer.obj (.text:TimerIntEnable)
                  00000c2c    00000006                   : gpio.obj (.text:GPIOPinRead)
                  00000c32    00000006                   : gpio.obj (.text:GPIOPinWrite)
                  00000c38    00000006                   : sysctl.obj (.text:SysCtlDelay)
                  00000c3e    00000006     rtsv7M4_T_le_v4SPD16_eabi.lib : copy_decompress_rle.obj (.text:decompress:rle24)
                  00000c44    00000004     driverlib.lib : timer.obj (.text:TimerIntClear)
                  00000c48    00000004     rtsv7M4_T_le_v4SPD16_eabi.lib : pre_init.obj (.text)

.const     0    00000c4c    000000dc     
                  00000c4c    00000070     driverlib.lib : interrupt.obj (.const)
                  00000cbc    0000006c                   : sysctl.obj (.const:g_pui32Xtals)

.cinit     0    00000d28    00000030     
                  00000d28    0000001e     (.cinit..data.load) [load image, compression = rle]
                  00000d46    00000002     --HOLE-- [fill = 0]
                  00000d48    00000008     (__TI_handler_table)
                  00000d50    00000008     (__TI_cinit_table)

.init_array 
*          0    00000000    00000000     UNINITIALIZED

.data      0    20000200    00000024     UNINITIALIZED
                  20000200    00000010     lab-2.obj (.data)
                  20000210    00000008     rtsv7M4_T_le_v4SPD16_eabi.lib : _lock.obj (.data)
                  20000218    00000008                                   : exit.obj (.data)
                  20000220    00000004                                   : stkdepth_vars.obj (.data)

.stack     0    20000000    00000200     UNINITIALIZED
                  20000000    00000200     --HOLE--

.TI.persistent 
*          0    20000200    00000000     UNINITIALIZED


LINKER GENERATED COPY TABLES

__TI_cinit_table @ 00000d50 records: 1, size/record: 8, table size: 8
	.data: load addr=00000d28, load size=0000001e bytes, run addr=20000200, run size=00000024 bytes, compression=rle


LINKER GENERATED HANDLER TABLE

__TI_handler_table @ 00000d48 records: 2, size/record: 4, table size: 8
	index: 0, handler: __TI_decompress_rle24
	index: 1, handler: __TI_decompress_none


GLOBAL SYMBOLS: SORTED ALPHABETICALLY BY Name 

address   name                    
-------   ----                    
00000ad5  C$$EXIT                 
00000c0d  CPUcpsie                
00000b4d  GPIODirModeSet          
00000449  GPIOPadConfigSet        
00000c2d  GPIOPinRead             
00000bbd  GPIOPinTypeGPIOInput    
00000b77  GPIOPinTypeGPIOOutput   
00000c33  GPIOPinWrite            
00000971  IntEnable               
00000be1  IntMasterEnable         
00000c19  ResetISR                
UNDEFED   SHT$$INIT_ARRAY$$Base   
UNDEFED   SHT$$INIT_ARRAY$$Limit  
0000057d  SysCtlClockGet          
0000068d  SysCtlClockSet          
00000c39  SysCtlDelay             
00000b19  SysCtlPeripheralEnable  
000003c3  Timer0IntHandler        
000009d9  TimerConfigure          
00000bf1  TimerEnable             
00000c45  TimerIntClear           
00000c25  TimerIntEnable          
00000bcf  TimerLoadSet            
20000200  __STACK_END             
00000200  __STACK_SIZE            
20000200  __STACK_TOP             
00000d50  __TI_CINIT_Base         
00000d58  __TI_CINIT_Limit        
00000d48  __TI_Handler_Table_Base 
00000d50  __TI_Handler_Table_Limit
00000899  __TI_auto_init          
20000218  __TI_cleanup_ptr        
00000bff  __TI_decompress_none    
00000c3f  __TI_decompress_rle24   
2000021c  __TI_dtors_ptr          
00000000  __TI_static_base__      
0000081d  __aeabi_memclr          
0000081d  __aeabi_memclr4         
0000081d  __aeabi_memclr8         
00000781  __aeabi_memcpy          
00000781  __aeabi_memcpy4         
00000781  __aeabi_memcpy8         
0000081f  __aeabi_memset          
0000081f  __aeabi_memset4         
0000081f  __aeabi_memset8         
ffffffff  __binit__               
ffffffff  __c_args__              
20000000  __stack                 
00000b91  _args_main              
00000a39  _c_int00                
20000210  _lock                   
00000bb7  _nop                    
00000baf  _register_lock          
00000ba9  _register_unlock        
00000c49  _system_pre_init        
20000214  _unlock                 
00000ad9  abort                   
ffffffff  binit                   
00000a89  copy_in                 
00000307  detectKeyPress          
00000ae1  exit                    
00000000  g_pfnVectors            
0000027d  ledPinConfig            
000002b7  main                    
20000220  main_func_sp            
00000781  memcpy                  
00000825  memset                  
0000026d  setup                   
20000200  state1                  
20000204  state2                  
2000020c  sw2status               
00000289  switchPinConfig         
20000208  ui8LED                  


GLOBAL SYMBOLS: SORTED BY Symbol Address 

address   name                    
-------   ----                    
00000000  __TI_static_base__      
00000000  g_pfnVectors            
00000200  __STACK_SIZE            
0000026d  setup                   
0000027d  ledPinConfig            
00000289  switchPinConfig         
000002b7  main                    
00000307  detectKeyPress          
000003c3  Timer0IntHandler        
00000449  GPIOPadConfigSet        
0000057d  SysCtlClockGet          
0000068d  SysCtlClockSet          
00000781  __aeabi_memcpy          
00000781  __aeabi_memcpy4         
00000781  __aeabi_memcpy8         
00000781  memcpy                  
0000081d  __aeabi_memclr          
0000081d  __aeabi_memclr4         
0000081d  __aeabi_memclr8         
0000081f  __aeabi_memset          
0000081f  __aeabi_memset4         
0000081f  __aeabi_memset8         
00000825  memset                  
00000899  __TI_auto_init          
00000971  IntEnable               
000009d9  TimerConfigure          
00000a39  _c_int00                
00000a89  copy_in                 
00000ad5  C$$EXIT                 
00000ad9  abort                   
00000ae1  exit                    
00000b19  SysCtlPeripheralEnable  
00000b4d  GPIODirModeSet          
00000b77  GPIOPinTypeGPIOOutput   
00000b91  _args_main              
00000ba9  _register_unlock        
00000baf  _register_lock          
00000bb7  _nop                    
00000bbd  GPIOPinTypeGPIOInput    
00000bcf  TimerLoadSet            
00000be1  IntMasterEnable         
00000bf1  TimerEnable             
00000bff  __TI_decompress_none    
00000c0d  CPUcpsie                
00000c19  ResetISR                
00000c25  TimerIntEnable          
00000c2d  GPIOPinRead             
00000c33  GPIOPinWrite            
00000c39  SysCtlDelay             
00000c3f  __TI_decompress_rle24   
00000c45  TimerIntClear           
00000c49  _system_pre_init        
00000d48  __TI_Handler_Table_Base 
00000d50  __TI_CINIT_Base         
00000d50  __TI_Handler_Table_Limit
00000d58  __TI_CINIT_Limit        
20000000  __stack                 
20000200  __STACK_END             
20000200  __STACK_TOP             
20000200  state1                  
20000204  state2                  
20000208  ui8LED                  
2000020c  sw2status               
20000210  _lock                   
20000214  _unlock                 
20000218  __TI_cleanup_ptr        
2000021c  __TI_dtors_ptr          
20000220  main_func_sp            
ffffffff  __binit__               
ffffffff  __c_args__              
ffffffff  binit                   
UNDEFED   SHT$$INIT_ARRAY$$Base   
UNDEFED   SHT$$INIT_ARRAY$$Limit  

[73 symbols]
